mode: atomic
github.com/scienceandcode/nucleus-api/internal/infrastructure/db/mappers/task_mapper.go:8.57,9.18 1 1
github.com/scienceandcode/nucleus-api/internal/infrastructure/db/mappers/task_mapper.go:9.18,11.3 1 1
github.com/scienceandcode/nucleus-api/internal/infrastructure/db/mappers/task_mapper.go:13.2,22.3 1 0
github.com/scienceandcode/nucleus-api/internal/infrastructure/db/mappers/task_mapper.go:25.63,26.19 1 1
github.com/scienceandcode/nucleus-api/internal/infrastructure/db/mappers/task_mapper.go:26.19,28.3 1 1
github.com/scienceandcode/nucleus-api/internal/infrastructure/db/mappers/task_mapper.go:30.2,39.3 1 0
github.com/scienceandcode/nucleus-api/internal/infrastructure/db/mappers/user_mapper.go:8.56,9.17 1 1
github.com/scienceandcode/nucleus-api/internal/infrastructure/db/mappers/user_mapper.go:9.17,11.3 1 1
github.com/scienceandcode/nucleus-api/internal/infrastructure/db/mappers/user_mapper.go:13.2,23.3 1 0
github.com/scienceandcode/nucleus-api/internal/infrastructure/db/mappers/user_mapper.go:26.56,27.17 1 1
github.com/scienceandcode/nucleus-api/internal/infrastructure/db/mappers/user_mapper.go:27.17,29.3 1 1
github.com/scienceandcode/nucleus-api/internal/infrastructure/db/mappers/user_mapper.go:31.2,41.3 1 0
github.com/scienceandcode/nucleus-api/internal/infrastructure/db/repositories/base_repository.go:18.45,19.16 1 0
github.com/scienceandcode/nucleus-api/internal/infrastructure/db/repositories/base_repository.go:19.16,21.3 1 0
github.com/scienceandcode/nucleus-api/internal/infrastructure/db/repositories/base_repository.go:23.2,23.44 1 0
github.com/scienceandcode/nucleus-api/internal/infrastructure/db/repositories/base_repository.go:23.44,25.3 1 0
github.com/scienceandcode/nucleus-api/internal/infrastructure/db/repositories/base_repository.go:27.2,27.32 1 0
github.com/scienceandcode/nucleus-api/internal/infrastructure/db/repositories/base_repository.go:30.63,32.2 1 0
github.com/scienceandcode/nucleus-api/internal/infrastructure/db/repositories/base_repository.go:34.65,36.15 2 0
github.com/scienceandcode/nucleus-api/internal/infrastructure/db/repositories/base_repository.go:36.15,38.3 1 0
github.com/scienceandcode/nucleus-api/internal/infrastructure/db/repositories/base_repository.go:39.2,39.13 1 0
github.com/scienceandcode/nucleus-api/internal/infrastructure/db/repositories/base_repository.go:42.74,45.2 2 0
github.com/scienceandcode/nucleus-api/internal/infrastructure/db/repositories/base_repository.go:47.79,50.25 3 0
github.com/scienceandcode/nucleus-api/internal/infrastructure/db/repositories/base_repository.go:50.25,52.3 1 0
github.com/scienceandcode/nucleus-api/internal/infrastructure/db/repositories/base_repository.go:53.2,53.21 1 0
github.com/scienceandcode/nucleus-api/internal/infrastructure/db/repositories/base_repository.go:56.71,60.2 3 0
github.com/scienceandcode/nucleus-api/internal/infrastructure/db/repositories/base_repository.go:62.74,65.2 2 0
github.com/scienceandcode/nucleus-api/internal/infrastructure/db/repositories/base_repository.go:67.71,70.2 2 0
github.com/scienceandcode/nucleus-api/internal/infrastructure/db/repositories/base_repository.go:72.91,75.2 2 0
github.com/scienceandcode/nucleus-api/internal/infrastructure/db/repositories/base_repository.go:77.71,81.2 3 0
github.com/scienceandcode/nucleus-api/internal/infrastructure/db/repositories/base_repository.go:83.98,86.25 3 0
github.com/scienceandcode/nucleus-api/internal/infrastructure/db/repositories/base_repository.go:86.25,88.3 1 0
github.com/scienceandcode/nucleus-api/internal/infrastructure/db/repositories/base_repository.go:89.2,89.21 1 0
github.com/scienceandcode/nucleus-api/internal/infrastructure/db/repositories/base_repository.go:92.99,96.2 3 0
github.com/scienceandcode/nucleus-api/internal/infrastructure/db/repositories/base_repository.go:98.90,102.25 3 0
github.com/scienceandcode/nucleus-api/internal/infrastructure/db/repositories/base_repository.go:102.25,104.3 1 0
github.com/scienceandcode/nucleus-api/internal/infrastructure/db/repositories/base_repository.go:106.2,106.18 1 0
github.com/scienceandcode/nucleus-api/internal/infrastructure/db/repositories/base_repository.go:114.43,131.16 10 0
github.com/scienceandcode/nucleus-api/internal/infrastructure/db/repositories/base_repository.go:131.16,132.45 1 0
github.com/scienceandcode/nucleus-api/internal/infrastructure/db/repositories/base_repository.go:132.45,141.4 1 0
github.com/scienceandcode/nucleus-api/internal/infrastructure/db/repositories/base_repository.go:142.3,142.41 1 0
github.com/scienceandcode/nucleus-api/internal/infrastructure/db/repositories/base_repository.go:145.2,146.17 2 0
github.com/scienceandcode/nucleus-api/internal/infrastructure/db/repositories/base_repository.go:146.17,148.3 1 0
github.com/scienceandcode/nucleus-api/internal/infrastructure/db/repositories/base_repository.go:150.2,157.8 1 0
github.com/scienceandcode/nucleus-api/internal/infrastructure/db/repositories/task_repository.go:21.76,25.2 1 0
github.com/scienceandcode/nucleus-api/internal/infrastructure/db/repositories/task_repository.go:27.107,29.60 2 0
github.com/scienceandcode/nucleus-api/internal/infrastructure/db/repositories/task_repository.go:29.60,31.3 1 0
github.com/scienceandcode/nucleus-api/internal/infrastructure/db/repositories/task_repository.go:32.2,32.44 1 0
github.com/scienceandcode/nucleus-api/internal/infrastructure/db/repositories/task_repository.go:35.117,37.16 2 0
github.com/scienceandcode/nucleus-api/internal/infrastructure/db/repositories/task_repository.go:37.16,39.3 1 0
github.com/scienceandcode/nucleus-api/internal/infrastructure/db/repositories/task_repository.go:40.2,40.44 1 0
github.com/scienceandcode/nucleus-api/internal/infrastructure/db/repositories/task_repository.go:43.106,46.16 3 0
github.com/scienceandcode/nucleus-api/internal/infrastructure/db/repositories/task_repository.go:46.16,48.3 1 0
github.com/scienceandcode/nucleus-api/internal/infrastructure/db/repositories/task_repository.go:50.2,51.28 2 0
github.com/scienceandcode/nucleus-api/internal/infrastructure/db/repositories/task_repository.go:51.28,53.3 1 0
github.com/scienceandcode/nucleus-api/internal/infrastructure/db/repositories/task_repository.go:54.2,54.19 1 0
github.com/scienceandcode/nucleus-api/internal/infrastructure/db/repositories/task_repository.go:57.107,59.60 2 0
github.com/scienceandcode/nucleus-api/internal/infrastructure/db/repositories/task_repository.go:59.60,61.3 1 0
github.com/scienceandcode/nucleus-api/internal/infrastructure/db/repositories/task_repository.go:62.2,62.44 1 0
github.com/scienceandcode/nucleus-api/internal/infrastructure/db/repositories/task_repository.go:65.86,67.25 2 0
github.com/scienceandcode/nucleus-api/internal/infrastructure/db/repositories/task_repository.go:67.25,69.3 1 0
github.com/scienceandcode/nucleus-api/internal/infrastructure/db/repositories/task_repository.go:70.2,70.30 1 0
github.com/scienceandcode/nucleus-api/internal/infrastructure/db/repositories/task_repository.go:70.30,72.3 1 0
github.com/scienceandcode/nucleus-api/internal/infrastructure/db/repositories/task_repository.go:73.2,73.12 1 0
github.com/scienceandcode/nucleus-api/internal/infrastructure/db/repositories/user_repository.go:20.72,24.2 1 0
github.com/scienceandcode/nucleus-api/internal/infrastructure/db/repositories/user_repository.go:26.99,30.16 3 0
github.com/scienceandcode/nucleus-api/internal/infrastructure/db/repositories/user_repository.go:30.16,32.3 1 0
github.com/scienceandcode/nucleus-api/internal/infrastructure/db/repositories/user_repository.go:34.2,34.48 1 0
github.com/scienceandcode/nucleus-api/internal/infrastructure/db/repositories/user_repository.go:37.91,39.16 2 0
github.com/scienceandcode/nucleus-api/internal/infrastructure/db/repositories/user_repository.go:39.16,41.3 1 0
github.com/scienceandcode/nucleus-api/internal/infrastructure/db/repositories/user_repository.go:42.2,42.43 1 0
github.com/scienceandcode/nucleus-api/internal/infrastructure/db/repositories/user_repository.go:45.97,48.16 2 0
github.com/scienceandcode/nucleus-api/internal/infrastructure/db/repositories/user_repository.go:48.16,49.44 1 0
github.com/scienceandcode/nucleus-api/internal/infrastructure/db/repositories/user_repository.go:49.44,51.4 1 0
github.com/scienceandcode/nucleus-api/internal/infrastructure/db/repositories/user_repository.go:52.3,52.18 1 0
github.com/scienceandcode/nucleus-api/internal/infrastructure/db/repositories/user_repository.go:55.2,55.43 1 0
github.com/scienceandcode/nucleus-api/internal/infrastructure/db/repositories/user_repository.go:58.99,61.16 3 0
github.com/scienceandcode/nucleus-api/internal/infrastructure/db/repositories/user_repository.go:61.16,63.3 1 0
github.com/scienceandcode/nucleus-api/internal/infrastructure/db/repositories/user_repository.go:64.2,64.48 1 0
github.com/scienceandcode/nucleus-api/internal/infrastructure/db/repositories/user_repository.go:67.74,69.2 1 0
github.com/scienceandcode/nucleus-api/internal/infrastructure/db/mappers/task_mapper.go:8.57,9.18 1 4
github.com/scienceandcode/nucleus-api/internal/infrastructure/db/mappers/task_mapper.go:9.18,11.3 1 0
github.com/scienceandcode/nucleus-api/internal/infrastructure/db/mappers/task_mapper.go:13.2,22.3 1 4
github.com/scienceandcode/nucleus-api/internal/infrastructure/db/mappers/task_mapper.go:25.63,26.19 1 4
github.com/scienceandcode/nucleus-api/internal/infrastructure/db/mappers/task_mapper.go:26.19,28.3 1 0
github.com/scienceandcode/nucleus-api/internal/infrastructure/db/mappers/task_mapper.go:30.2,39.3 1 4
github.com/scienceandcode/nucleus-api/internal/infrastructure/db/mappers/user_mapper.go:8.56,9.17 1 10
github.com/scienceandcode/nucleus-api/internal/infrastructure/db/mappers/user_mapper.go:9.17,11.3 1 0
github.com/scienceandcode/nucleus-api/internal/infrastructure/db/mappers/user_mapper.go:13.2,23.3 1 10
github.com/scienceandcode/nucleus-api/internal/infrastructure/db/mappers/user_mapper.go:26.56,27.17 1 10
github.com/scienceandcode/nucleus-api/internal/infrastructure/db/mappers/user_mapper.go:27.17,29.3 1 0
github.com/scienceandcode/nucleus-api/internal/infrastructure/db/mappers/user_mapper.go:31.2,41.3 1 10
github.com/scienceandcode/nucleus-api/internal/infrastructure/db/repositories/base_repository.go:18.45,19.16 1 59
github.com/scienceandcode/nucleus-api/internal/infrastructure/db/repositories/base_repository.go:19.16,21.3 1 35
github.com/scienceandcode/nucleus-api/internal/infrastructure/db/repositories/base_repository.go:23.2,23.44 1 24
github.com/scienceandcode/nucleus-api/internal/infrastructure/db/repositories/base_repository.go:23.44,25.3 1 5
github.com/scienceandcode/nucleus-api/internal/infrastructure/db/repositories/base_repository.go:27.2,27.32 1 19
github.com/scienceandcode/nucleus-api/internal/infrastructure/db/repositories/base_repository.go:30.63,32.2 1 31
github.com/scienceandcode/nucleus-api/internal/infrastructure/db/repositories/base_repository.go:34.65,36.15 2 68
github.com/scienceandcode/nucleus-api/internal/infrastructure/db/repositories/base_repository.go:36.15,38.3 1 1
github.com/scienceandcode/nucleus-api/internal/infrastructure/db/repositories/base_repository.go:39.2,39.13 1 67
github.com/scienceandcode/nucleus-api/internal/infrastructure/db/repositories/base_repository.go:42.74,45.2 2 30
github.com/scienceandcode/nucleus-api/internal/infrastructure/db/repositories/base_repository.go:47.79,50.25 3 4
github.com/scienceandcode/nucleus-api/internal/infrastructure/db/repositories/base_repository.go:50.25,52.3 1 3
github.com/scienceandcode/nucleus-api/internal/infrastructure/db/repositories/base_repository.go:53.2,53.21 1 1
github.com/scienceandcode/nucleus-api/internal/infrastructure/db/repositories/base_repository.go:56.71,60.2 3 3
github.com/scienceandcode/nucleus-api/internal/infrastructure/db/repositories/base_repository.go:62.74,65.2 2 4
github.com/scienceandcode/nucleus-api/internal/infrastructure/db/repositories/base_repository.go:67.71,70.2 2 1
github.com/scienceandcode/nucleus-api/internal/infrastructure/db/repositories/base_repository.go:72.91,75.2 2 2
github.com/scienceandcode/nucleus-api/internal/infrastructure/db/repositories/base_repository.go:77.71,81.2 3 3
github.com/scienceandcode/nucleus-api/internal/infrastructure/db/repositories/base_repository.go:83.98,86.25 3 7
github.com/scienceandcode/nucleus-api/internal/infrastructure/db/repositories/base_repository.go:86.25,88.3 1 5
github.com/scienceandcode/nucleus-api/internal/infrastructure/db/repositories/base_repository.go:89.2,89.21 1 2
github.com/scienceandcode/nucleus-api/internal/infrastructure/db/repositories/base_repository.go:92.99,96.2 3 2
github.com/scienceandcode/nucleus-api/internal/infrastructure/db/repositories/base_repository.go:98.90,102.25 3 5
github.com/scienceandcode/nucleus-api/internal/infrastructure/db/repositories/base_repository.go:102.25,104.3 1 1
github.com/scienceandcode/nucleus-api/internal/infrastructure/db/repositories/base_repository.go:106.2,106.18 1 4
github.com/scienceandcode/nucleus-api/internal/infrastructure/db/repositories/base_repository.go:114.43,131.16 10 4
github.com/scienceandcode/nucleus-api/internal/infrastructure/db/repositories/base_repository.go:131.16,132.45 1 2
github.com/scienceandcode/nucleus-api/internal/infrastructure/db/repositories/base_repository.go:132.45,141.4 1 1
github.com/scienceandcode/nucleus-api/internal/infrastructure/db/repositories/base_repository.go:142.3,142.41 1 1
github.com/scienceandcode/nucleus-api/internal/infrastructure/db/repositories/base_repository.go:145.2,146.17 2 2
github.com/scienceandcode/nucleus-api/internal/infrastructure/db/repositories/base_repository.go:146.17,148.3 1 1
github.com/scienceandcode/nucleus-api/internal/infrastructure/db/repositories/base_repository.go:150.2,157.8 1 2
github.com/scienceandcode/nucleus-api/internal/infrastructure/db/repositories/task_repository.go:21.76,25.2 1 6
github.com/scienceandcode/nucleus-api/internal/infrastructure/db/repositories/task_repository.go:27.107,29.60 2 2
github.com/scienceandcode/nucleus-api/internal/infrastructure/db/repositories/task_repository.go:29.60,31.3 1 1
github.com/scienceandcode/nucleus-api/internal/infrastructure/db/repositories/task_repository.go:32.2,32.44 1 1
github.com/scienceandcode/nucleus-api/internal/infrastructure/db/repositories/task_repository.go:35.117,37.16 2 2
github.com/scienceandcode/nucleus-api/internal/infrastructure/db/repositories/task_repository.go:37.16,39.3 1 1
github.com/scienceandcode/nucleus-api/internal/infrastructure/db/repositories/task_repository.go:40.2,40.44 1 1
github.com/scienceandcode/nucleus-api/internal/infrastructure/db/repositories/task_repository.go:43.106,46.16 3 2
github.com/scienceandcode/nucleus-api/internal/infrastructure/db/repositories/task_repository.go:46.16,48.3 1 1
github.com/scienceandcode/nucleus-api/internal/infrastructure/db/repositories/task_repository.go:50.2,51.28 2 1
github.com/scienceandcode/nucleus-api/internal/infrastructure/db/repositories/task_repository.go:51.28,53.3 1 1
github.com/scienceandcode/nucleus-api/internal/infrastructure/db/repositories/task_repository.go:54.2,54.19 1 1
github.com/scienceandcode/nucleus-api/internal/infrastructure/db/repositories/task_repository.go:57.107,59.60 2 2
github.com/scienceandcode/nucleus-api/internal/infrastructure/db/repositories/task_repository.go:59.60,61.3 1 1
github.com/scienceandcode/nucleus-api/internal/infrastructure/db/repositories/task_repository.go:62.2,62.44 1 1
github.com/scienceandcode/nucleus-api/internal/infrastructure/db/repositories/task_repository.go:65.86,67.25 2 3
github.com/scienceandcode/nucleus-api/internal/infrastructure/db/repositories/task_repository.go:67.25,69.3 1 1
github.com/scienceandcode/nucleus-api/internal/infrastructure/db/repositories/task_repository.go:70.2,70.30 1 2
github.com/scienceandcode/nucleus-api/internal/infrastructure/db/repositories/task_repository.go:70.30,72.3 1 1
github.com/scienceandcode/nucleus-api/internal/infrastructure/db/repositories/task_repository.go:73.2,73.12 1 1
github.com/scienceandcode/nucleus-api/internal/infrastructure/db/repositories/user_repository.go:20.72,24.2 1 5
github.com/scienceandcode/nucleus-api/internal/infrastructure/db/repositories/user_repository.go:26.99,30.16 3 9
github.com/scienceandcode/nucleus-api/internal/infrastructure/db/repositories/user_repository.go:30.16,32.3 1 1
github.com/scienceandcode/nucleus-api/internal/infrastructure/db/repositories/user_repository.go:34.2,34.48 1 8
github.com/scienceandcode/nucleus-api/internal/infrastructure/db/repositories/user_repository.go:37.91,39.16 2 2
github.com/scienceandcode/nucleus-api/internal/infrastructure/db/repositories/user_repository.go:39.16,41.3 1 1
github.com/scienceandcode/nucleus-api/internal/infrastructure/db/repositories/user_repository.go:42.2,42.43 1 1
github.com/scienceandcode/nucleus-api/internal/infrastructure/db/repositories/user_repository.go:45.97,48.16 2 3
github.com/scienceandcode/nucleus-api/internal/infrastructure/db/repositories/user_repository.go:48.16,49.44 1 2
github.com/scienceandcode/nucleus-api/internal/infrastructure/db/repositories/user_repository.go:49.44,51.4 1 1
github.com/scienceandcode/nucleus-api/internal/infrastructure/db/repositories/user_repository.go:52.3,52.18 1 1
github.com/scienceandcode/nucleus-api/internal/infrastructure/db/repositories/user_repository.go:55.2,55.43 1 1
github.com/scienceandcode/nucleus-api/internal/infrastructure/db/repositories/user_repository.go:58.99,61.16 3 1
github.com/scienceandcode/nucleus-api/internal/infrastructure/db/repositories/user_repository.go:61.16,63.3 1 1
github.com/scienceandcode/nucleus-api/internal/infrastructure/db/repositories/user_repository.go:64.2,64.48 1 0
github.com/scienceandcode/nucleus-api/internal/infrastructure/db/repositories/user_repository.go:67.74,69.2 1 2
github.com/scienceandcode/nucleus-api/internal/infrastructure/db/mappers/task_mapper.go:8.57,9.18 1 11
github.com/scienceandcode/nucleus-api/internal/infrastructure/db/mappers/task_mapper.go:9.18,11.3 1 0
github.com/scienceandcode/nucleus-api/internal/infrastructure/db/mappers/task_mapper.go:13.2,22.3 1 11
github.com/scienceandcode/nucleus-api/internal/infrastructure/db/mappers/task_mapper.go:25.63,26.19 1 7
github.com/scienceandcode/nucleus-api/internal/infrastructure/db/mappers/task_mapper.go:26.19,28.3 1 0
github.com/scienceandcode/nucleus-api/internal/infrastructure/db/mappers/task_mapper.go:30.2,39.3 1 7
github.com/scienceandcode/nucleus-api/internal/infrastructure/db/mappers/user_mapper.go:8.56,9.17 1 34
github.com/scienceandcode/nucleus-api/internal/infrastructure/db/mappers/user_mapper.go:9.17,11.3 1 0
github.com/scienceandcode/nucleus-api/internal/infrastructure/db/mappers/user_mapper.go:13.2,23.3 1 34
github.com/scienceandcode/nucleus-api/internal/infrastructure/db/mappers/user_mapper.go:26.56,27.17 1 18
github.com/scienceandcode/nucleus-api/internal/infrastructure/db/mappers/user_mapper.go:27.17,29.3 1 0
github.com/scienceandcode/nucleus-api/internal/infrastructure/db/mappers/user_mapper.go:31.2,41.3 1 18
github.com/scienceandcode/nucleus-api/internal/infrastructure/db/repositories/base_repository.go:18.45,19.16 1 38
github.com/scienceandcode/nucleus-api/internal/infrastructure/db/repositories/base_repository.go:19.16,21.3 1 25
github.com/scienceandcode/nucleus-api/internal/infrastructure/db/repositories/base_repository.go:23.2,23.44 1 13
github.com/scienceandcode/nucleus-api/internal/infrastructure/db/repositories/base_repository.go:23.44,25.3 1 13
github.com/scienceandcode/nucleus-api/internal/infrastructure/db/repositories/base_repository.go:27.2,27.32 1 0
github.com/scienceandcode/nucleus-api/internal/infrastructure/db/repositories/base_repository.go:30.63,32.2 1 2
github.com/scienceandcode/nucleus-api/internal/infrastructure/db/repositories/base_repository.go:34.65,36.15 2 60
github.com/scienceandcode/nucleus-api/internal/infrastructure/db/repositories/base_repository.go:36.15,38.3 1 10
github.com/scienceandcode/nucleus-api/internal/infrastructure/db/repositories/base_repository.go:39.2,39.13 1 50
github.com/scienceandcode/nucleus-api/internal/infrastructure/db/repositories/base_repository.go:42.74,45.2 2 21
github.com/scienceandcode/nucleus-api/internal/infrastructure/db/repositories/base_repository.go:47.79,50.25 3 12
github.com/scienceandcode/nucleus-api/internal/infrastructure/db/repositories/base_repository.go:50.25,52.3 1 0
github.com/scienceandcode/nucleus-api/internal/infrastructure/db/repositories/base_repository.go:53.2,53.21 1 12
github.com/scienceandcode/nucleus-api/internal/infrastructure/db/repositories/base_repository.go:56.71,60.2 3 0
github.com/scienceandcode/nucleus-api/internal/infrastructure/db/repositories/base_repository.go:62.74,65.2 2 4
github.com/scienceandcode/nucleus-api/internal/infrastructure/db/repositories/base_repository.go:67.71,70.2 2 0
github.com/scienceandcode/nucleus-api/internal/infrastructure/db/repositories/base_repository.go:72.91,75.2 2 0
github.com/scienceandcode/nucleus-api/internal/infrastructure/db/repositories/base_repository.go:77.71,81.2 3 0
github.com/scienceandcode/nucleus-api/internal/infrastructure/db/repositories/base_repository.go:83.98,86.25 3 19
github.com/scienceandcode/nucleus-api/internal/infrastructure/db/repositories/base_repository.go:86.25,88.3 1 13
github.com/scienceandcode/nucleus-api/internal/infrastructure/db/repositories/base_repository.go:89.2,89.21 1 6
github.com/scienceandcode/nucleus-api/internal/infrastructure/db/repositories/base_repository.go:92.99,96.2 3 0
github.com/scienceandcode/nucleus-api/internal/infrastructure/db/repositories/base_repository.go:98.90,102.25 3 0
github.com/scienceandcode/nucleus-api/internal/infrastructure/db/repositories/base_repository.go:102.25,104.3 1 0
github.com/scienceandcode/nucleus-api/internal/infrastructure/db/repositories/base_repository.go:106.2,106.18 1 0
github.com/scienceandcode/nucleus-api/internal/infrastructure/db/repositories/base_repository.go:114.43,131.16 10 0
github.com/scienceandcode/nucleus-api/internal/infrastructure/db/repositories/base_repository.go:131.16,132.45 1 0
github.com/scienceandcode/nucleus-api/internal/infrastructure/db/repositories/base_repository.go:132.45,141.4 1 0
github.com/scienceandcode/nucleus-api/internal/infrastructure/db/repositories/base_repository.go:142.3,142.41 1 0
github.com/scienceandcode/nucleus-api/internal/infrastructure/db/repositories/base_repository.go:145.2,146.17 2 0
github.com/scienceandcode/nucleus-api/internal/infrastructure/db/repositories/base_repository.go:146.17,148.3 1 0
github.com/scienceandcode/nucleus-api/internal/infrastructure/db/repositories/base_repository.go:150.2,157.8 1 0
github.com/scienceandcode/nucleus-api/internal/infrastructure/db/repositories/task_repository.go:21.76,25.2 1 1
github.com/scienceandcode/nucleus-api/internal/infrastructure/db/repositories/task_repository.go:27.107,29.60 2 6
github.com/scienceandcode/nucleus-api/internal/infrastructure/db/repositories/task_repository.go:29.60,31.3 1 0
github.com/scienceandcode/nucleus-api/internal/infrastructure/db/repositories/task_repository.go:32.2,32.44 1 6
github.com/scienceandcode/nucleus-api/internal/infrastructure/db/repositories/task_repository.go:35.117,37.16 2 4
github.com/scienceandcode/nucleus-api/internal/infrastructure/db/repositories/task_repository.go:37.16,39.3 1 2
github.com/scienceandcode/nucleus-api/internal/infrastructure/db/repositories/task_repository.go:40.2,40.44 1 2
github.com/scienceandcode/nucleus-api/internal/infrastructure/db/repositories/task_repository.go:43.106,46.16 3 2
github.com/scienceandcode/nucleus-api/internal/infrastructure/db/repositories/task_repository.go:46.16,48.3 1 0
github.com/scienceandcode/nucleus-api/internal/infrastructure/db/repositories/task_repository.go:50.2,51.28 2 2
github.com/scienceandcode/nucleus-api/internal/infrastructure/db/repositories/task_repository.go:51.28,53.3 1 2
github.com/scienceandcode/nucleus-api/internal/infrastructure/db/repositories/task_repository.go:54.2,54.19 1 2
github.com/scienceandcode/nucleus-api/internal/infrastructure/db/repositories/task_repository.go:57.107,59.60 2 1
github.com/scienceandcode/nucleus-api/internal/infrastructure/db/repositories/task_repository.go:59.60,61.3 1 0
github.com/scienceandcode/nucleus-api/internal/infrastructure/db/repositories/task_repository.go:62.2,62.44 1 1
github.com/scienceandcode/nucleus-api/internal/infrastructure/db/repositories/task_repository.go:65.86,67.25 2 2
github.com/scienceandcode/nucleus-api/internal/infrastructure/db/repositories/task_repository.go:67.25,69.3 1 0
github.com/scienceandcode/nucleus-api/internal/infrastructure/db/repositories/task_repository.go:70.2,70.30 1 2
github.com/scienceandcode/nucleus-api/internal/infrastructure/db/repositories/task_repository.go:70.30,72.3 1 1
github.com/scienceandcode/nucleus-api/internal/infrastructure/db/repositories/task_repository.go:73.2,73.12 1 1
github.com/scienceandcode/nucleus-api/internal/infrastructure/db/repositories/user_repository.go:20.72,24.2 1 1
github.com/scienceandcode/nucleus-api/internal/infrastructure/db/repositories/user_repository.go:26.99,30.16 3 15
github.com/scienceandcode/nucleus-api/internal/infrastructure/db/repositories/user_repository.go:30.16,32.3 1 0
github.com/scienceandcode/nucleus-api/internal/infrastructure/db/repositories/user_repository.go:34.2,34.48 1 15
github.com/scienceandcode/nucleus-api/internal/infrastructure/db/repositories/user_repository.go:37.91,39.16 2 12
github.com/scienceandcode/nucleus-api/internal/infrastructure/db/repositories/user_repository.go:39.16,41.3 1 0
github.com/scienceandcode/nucleus-api/internal/infrastructure/db/repositories/user_repository.go:42.2,42.43 1 12
github.com/scienceandcode/nucleus-api/internal/infrastructure/db/repositories/user_repository.go:45.97,48.16 2 15
github.com/scienceandcode/nucleus-api/internal/infrastructure/db/repositories/user_repository.go:48.16,49.44 1 11
github.com/scienceandcode/nucleus-api/internal/infrastructure/db/repositories/user_repository.go:49.44,51.4 1 11
github.com/scienceandcode/nucleus-api/internal/infrastructure/db/repositories/user_repository.go:52.3,52.18 1 0
github.com/scienceandcode/nucleus-api/internal/infrastructure/db/repositories/user_repository.go:55.2,55.43 1 4
github.com/scienceandcode/nucleus-api/internal/infrastructure/db/repositories/user_repository.go:58.99,61.16 3 3
github.com/scienceandcode/nucleus-api/internal/infrastructure/db/repositories/user_repository.go:61.16,63.3 1 0
github.com/scienceandcode/nucleus-api/internal/infrastructure/db/repositories/user_repository.go:64.2,64.48 1 3
github.com/scienceandcode/nucleus-api/internal/infrastructure/db/repositories/user_repository.go:67.74,69.2 1 0
